PiSky iOS build failure
run: https://github.com/ewatts104-bit/pisky-ios/actions/runs/26736691306
================================
